2026-08-06 18:37:27 error: 401 - You are not logged in! Please log in to get access.
2026-08-06 18:37:38 error: 401 - You are not logged in! Please log in to get access.
2026-08-06 18:45:23 error: 401 - You are not logged in! Please log in to get access.
2026-08-06 18:46:05 error: 401 - You are not logged in! Please log in to get access.
2026-08-06 18:46:14 error: 401 - You are not logged in! Please log in to get access.
2026-08-06 18:54:17 error: 401 - The user belonging to this token does no longer exist.
2026-08-07 14:27:36 error: 401 - You are not logged in! Please log in to get access.
2026-08-07 14:27:46 error: 401 - You are not logged in! Please log in to get access.
2026-08-07 14:56:50 error: 401 - The user belonging to this token does no longer exist.
2026-08-07 14:57:05 error: 401 - The user belonging to this token does no longer exist.
2026-08-07 14:57:11 error: 401 - The user belonging to this token does no longer exist.
2026-08-07 17:37:04 error: 404 - Can't find /favicon.ico on this server!
2026-08-09 10:08:42 error: 404 - Can't find /api/admin/all-advisors on this server!
2026-08-09 10:08:42 error: 404 - Can't find /api/admin/all-farmers on this server!
2026-08-09 10:27:24 error: 404 - Can't find /api/admin/all-advisors on this server!
2026-08-09 10:27:24 error: 404 - Can't find /api/admin/all-farmers on this server!
2026-08-09 10:27:24 error: 404 - Can't find /api/admin/all-advisors on this server!
2026-08-09 10:27:24 error: 404 - Can't find /api/admin/all-farmers on this server!
2026-08-09 10:30:24 error: 404 - Can't find /api/admin/all-farmers on this server!
2026-08-09 10:30:24 error: 404 - Can't find /api/admin/all-advisors on this server!
2026-08-09 10:30:24 error: 404 - Can't find /api/admin/all-farmers on this server!
2026-08-09 10:30:24 error: 404 - Can't find /api/admin/all-advisors on this server!
2026-08-09 10:30:25 error: 404 - Can't find /api/admin/all-advisors on this server!
2026-08-09 10:30:25 error: 404 - Can't find /api/admin/all-farmers on this server!
2026-08-09 10:30:25 error: 404 - Can't find /api/admin/all-advisors on this server!
2026-08-09 10:30:25 error: 404 - Can't find /api/admin/all-farmers on this server!
2026-08-09 10:30:59 error: 404 - Can't find /api/admin/all-farmers on this server!
2026-08-09 10:30:59 error: 404 - Can't find /api/admin/all-farmers on this server!
2026-08-09 10:30:59 error: 404 - Can't find /api/admin/all-advisors on this server!
2026-08-09 10:30:59 error: 404 - Can't find /api/admin/all-advisors on this server!
2026-08-09 10:31:02 error: 404 - Can't find /api/admin/all-advisors on this server!
2026-08-09 10:31:02 error: 404 - Can't find /api/admin/all-advisors on this server!
2026-08-09 10:31:02 error: 404 - Can't find /api/admin/all-farmers on this server!
2026-08-09 10:31:02 error: 404 - Can't find /api/admin/all-farmers on this server!
2026-08-09 10:31:04 error: 404 - Can't find /api/admin/all-farmers on this server!
2026-08-09 10:31:04 error: 404 - Can't find /api/admin/all-farmers on this server!
2026-08-09 10:31:04 error: 404 - Can't find /api/admin/all-advisors on this server!
2026-08-09 10:31:04 error: 404 - Can't find /api/admin/all-advisors on this server!
2026-08-09 10:31:08 error: 404 - Can't find /api/admin/all-advisors on this server!
2026-08-09 10:31:08 error: 404 - Can't find /api/admin/all-advisors on this server!
2026-08-09 10:31:08 error: 404 - Can't find /api/admin/all-farmers on this server!
2026-08-09 10:31:08 error: 404 - Can't find /api/admin/all-farmers on this server!
2026-08-11 11:51:55 error: UNHANDLED REJECTION! Shutting down...
2026-08-11 11:51:55 error: MongooseServerSelectionError: connect ECONNREFUSED 127.0.0.1:27017
2026-08-13 09:22:38 error: 400 - Bad escaped character in JSON at position 9 (line 1 column 10)
2026-08-13 09:22:56 error: 400 - Bad escaped character in JSON at position 9 (line 1 column 10)
2026-08-13 09:23:12 error: 400 - Expected property name or '}' in JSON at position 1 (line 1 column 2)
2026-08-13 17:25:13 error: 400 - Expected property name or '}' in JSON at position 1 (line 1 column 2)
